// Jest Snapshot v1, https://goo.gl/fbAQLP

exports[`externals handle simple external data typescript snapshot 1`] = `
"import * as constructs from "constructs";
import * as cdktf from "cdktf";
/*Provider bindings are generated by running cdktf get.
See https://cdk.tf/provider-generation for more details.*/
import * as external from "./.gen/providers/external";
class MyConvertedCode extends cdktf.TerraformStack {
  constructor(scope: constructs.Construct, name: string) {
    super(scope, name);
    /*Terraform Variables are not always the best fit for getting inputs in the context of Terraform CDK.
    You can read more about this at https://cdk.tf/variables*/
    new external.provider.ExternalProvider(this, "external", {});
    const fargateRegion = new cdktf.TerraformVariable(this, "fargate_region", {
      default: "us-east-1",
      type: cdktf.VariableType.STRING,
    });
    const dataExternalThumbprint = new external.dataExternal.DataExternal(
      this,
      "thumbprint",
      {
        program: ["\${path.module}/oidc_thumbprint.sh", fargateRegion.value],
      }
    );
    new cdktf.TerraformOutput(this, "foo", {
      value: cdktf.propertyAccess(dataExternalThumbprint, [
        "result",
        "thumbprint",
      ]),
    });
  }
}
"
`;
